============================= test session starts =============================
platform win32 -- Python 3.13.5, pytest-9.0.2, pluggy-1.6.0 -- C:\Users\alper\AppData\Local\Programs\Python\Python313\python.exe
cachedir: .pytest_cache
rootdir: C:\Denemeler\LLMTrading
plugins: anyio-4.12.0, langsmith-0.7.18
collecting ... collected 47 items

tests/test_core_modules.py::TestDynamicStopLoss::test_calculate_initial_stop_long PASSED [  2%]
tests/test_core_modules.py::TestDynamicStopLoss::test_calculate_initial_stop_short PASSED [  4%]
tests/test_core_modules.py::TestDynamicStopLoss::test_trailing_stop_only_moves_favorable PASSED [  6%]
tests/test_core_modules.py::TestDynamicStopLoss::test_should_exit_long PASSED [  8%]
tests/test_core_modules.py::TestDynamicStopLoss::test_should_exit_short PASSED [ 10%]
tests/test_core_modules.py::TestTradeOrder::test_valid_order PASSED      [ 12%]
tests/test_core_modules.py::TestTradeOrder::test_invalid_action PASSED   [ 14%]
tests/test_core_modules.py::TestTradeOrder::test_zero_amount PASSED      [ 17%]
tests/test_core_modules.py::TestTradeOrder::test_no_stop_loss PASSED     [ 19%]
tests/test_core_modules.py::TestParseTradeDecision::test_hold_returns_none PASSED [ 21%]
tests/test_core_modules.py::TestParseTradeDecision::test_valid_buy_decision PASSED [ 23%]
tests/test_core_modules.py::TestParseTradeDecision::test_fallback_stop_loss PASSED [ 25%]
tests/test_core_modules.py::TestParseTradeDecision::test_invalid_amount_returns_none PASSED [ 27%]
tests/test_core_modules.py::TestCircuitBreaker::test_initial_state_not_halted PASSED [ 29%]
tests/test_core_modules.py::TestCircuitBreaker::test_consecutive_losses_trigger_halt PASSED [ 31%]
tests/test_core_modules.py::TestCircuitBreaker::test_profit_resets_consecutive_losses PASSED [ 34%]
tests/test_core_modules.py::TestCircuitBreaker::test_llm_error_tracking PASSED [ 36%]
tests/test_core_modules.py::TestCircuitBreaker::test_reset_llm_errors PASSED [ 38%]
tests/test_core_modules.py::TestExtractJson::test_code_block_json PASSED [ 40%]
tests/test_core_modules.py::TestExtractJson::test_plain_json PASSED      [ 42%]
tests/test_core_modules.py::TestExtractJson::test_json_in_text PASSED    [ 44%]
tests/test_core_modules.py::TestExtractJson::test_invalid_returns_empty PASSED [ 46%]
tests/test_core_modules.py::TestExtractJson::test_markdown_code_block PASSED [ 48%]
tests/test_portfolio.py::TestPortfolioState::test_initial_state PASSED   [ 51%]
tests/test_portfolio.py::TestPortfolioState::test_open_long_position PASSED [ 53%]
tests/test_portfolio.py::TestPortfolioState::test_open_position_exceeds_cash PASSED [ 55%]
tests/test_portfolio.py::TestPortfolioState::test_close_long_position PASSED [ 57%]
tests/test_portfolio.py::TestPortfolioState::test_close_nonexistent_position PASSED [ 59%]
tests/test_portfolio.py::TestPortfolioState::test_max_positions_limit PASSED [ 61%]
tests/test_portfolio.py::TestPortfolioState::test_to_dict PASSED         [ 63%]
tests/test_portfolio.py::TestPortfolioState::test_drawdown_update PASSED [ 65%]
tests/test_portfolio.py::TestPortfolioState::test_daily_pnl_reset PASSED [ 68%]
tests/test_symbol_resolver.py::TestSymbolResolver::test_crypto_pair PASSED [ 70%]
tests/test_symbol_resolver.py::TestSymbolResolver::test_crypto_merged PASSED [ 72%]
tests/test_symbol_resolver.py::TestSymbolResolver::test_crypto_base_only PASSED [ 74%]
tests/test_symbol_resolver.py::TestSymbolResolver::test_bist_with_is_suffix PASSED [ 76%]
tests/test_symbol_resolver.py::TestSymbolResolver::test_bist_known_symbol PASSED [ 78%]
tests/test_symbol_resolver.py::TestSymbolResolver::test_us_stock PASSED  [ 80%]
tests/test_symbol_resolver.py::TestSymbolResolver::test_is_crypto PASSED [ 82%]
tests/test_symbol_resolver.py::TestSymbolResolver::test_is_bist PASSED   [ 85%]
tests/test_technical_analyzer.py::TestTechnicalAnalyzer::test_analyze_returns_signals PASSED [ 87%]
tests/test_technical_analyzer.py::TestTechnicalAnalyzer::test_empty_dataframe PASSED [ 89%]
tests/test_technical_analyzer.py::TestTechnicalAnalyzer::test_short_dataframe PASSED [ 91%]
tests/test_technical_analyzer.py::TestTechnicalAnalyzer::test_rsi_range PASSED [ 93%]
tests/test_technical_analyzer.py::TestTechnicalAnalyzer::test_support_resistance_levels PASSED [ 95%]
tests/test_technical_analyzer.py::TestTechnicalAnalyzer::test_trend_strength_range PASSED [ 97%]
tests/test_technical_analyzer.py::TestTechnicalAnalyzer::test_to_dict PASSED [100%]

============================= 47 passed in 1.67s ==============================
